// Jest Snapshot v1, https://goo.gl/fbAQLP

exports[`Button should render 1`] = `
ShallowWrapper {
  "length": 1,
  Symbol(enzyme.__root__): [Circular],
  Symbol(enzyme.__unrendered__): <Button
    isDisabled={false}
    onClick={[Function]}
    to={null}
  >
    Lorem
  </Button>,
  Symbol(enzyme.__renderer__): Object {
    "batchedUpdates": [Function],
    "getNode": [Function],
    "render": [Function],
    "simulateEvent": [Function],
    "unmount": [Function],
  },
  Symbol(enzyme.__node__): Object {
    "instance": null,
    "key": undefined,
    "nodeType": "host",
    "props": Object {
      "children": "Lorem",
      "className": "root",
      "disabled": false,
      "onClick": [Function],
      "type": "button",
    },
    "ref": null,
    "rendered": "Lorem",
    "type": "button",
  },
  Symbol(enzyme.__nodes__): Array [
    Object {
      "instance": null,
      "key": undefined,
      "nodeType": "host",
      "props": Object {
        "children": "Lorem",
        "className": "root",
        "disabled": false,
        "onClick": [Function],
        "type": "button",
      },
      "ref": null,
      "rendered": "Lorem",
      "type": "button",
    },
  ],
  Symbol(enzyme.__options__): Object {
    "adapter": ReactSixteenAdapter {
      "options": Object {
        "enableComponentDidUpdateOnSetState": true,
      },
    },
  },
}
`;
